// Jest Snapshot v1, https://goo.gl/fbAQLP

exports[`CounterComponent should component to match snapshot 1`] = `
<div
  id="root1"
>
  <h1>
    Counter 
    <small>
      10
    </small>
  </h1>
  <hr />
  <button
    class="btn btn-primary mx-1"
  >
    +1
  </button>
  <button
    class="btn btn-primary mx-1"
  >
    -1
  </button>
</div>
`;
